******************************************************************************
            TI ARM Clang Linker PC v4.0.3                      
******************************************************************************
>> Linked Tue Apr 14 15:27:52 2026

OUTPUT FILE NAME:   <mpu6050-oled-hardware-i2c.out>
ENTRY POINT SYMBOL: "_c_int00_noargs"  address: 00001bb1


MEMORY CONFIGURATION

         name            origin    length      used     unused   attr    fill
----------------------  --------  ---------  --------  --------  ----  --------
  FLASH                 00000000   00020000  00002bb8  0001d448  R  X
  SRAM                  20200000   00008000  000003c0  00007c40  RW X
  BCR_CONFIG            41c00000   000000ff  00000000  000000ff  R   
  BSL_CONFIG            41c00100   00000080  00000000  00000080  R   


SEGMENT ALLOCATION MAP

run origin  load origin   length   init length attrs members
----------  ----------- ---------- ----------- ----- -------
00000000    00000000    00002bb8   00002bb8    r-x
  00000000    00000000    000000c0   000000c0    r-- .intvecs
  000000c0    000000c0    00002220   00002220    r-x .text
  000022e0    000022e0    000008a8   000008a8    r-- .rodata
  00002b88    00002b88    00000030   00000030    r-- .cinit
20200000    20200000    000001c0   00000000    rw-
  20200000    20200000    000001bd   00000000    rw- .bss
  202001bd    202001bd    00000003   00000000    rw- .data
20207e00    20207e00    00000200   00000000    rw-
  20207e00    20207e00    00000200   00000000    rw- .stack


SECTION ALLOCATION MAP

 output                                  attributes/
section   page    origin      length       input sections
--------  ----  ----------  ----------   ----------------
.intvecs   0    00000000    000000c0     
                  00000000    000000c0     startup_mspm0g350x_ticlang.o (.intvecs)

.text      0    000000c0    00002220     
                  000000c0    00000194     ti_msp_dl_config.o (.text.SYSCFG_DL_GPIO_init)
                  00000254    0000011c     oled_hardware_i2c.o (.text.OLED_WR_Byte)
                  00000370    00000118     oled_hardware_i2c.o (.text.OLED_ShowChar)
                  00000488    00000110     oled_hardware_i2c.o (.text.OLED_Init)
                  00000598    00000104     driverlib.a : dl_timer.o (.text.DL_Timer_initFourCCPWMMode)
                  0000069c    000000f6     oled_hardware_i2c.o (.text.OLED_ShowNum)
                  00000792    00000002     libclang_rt.builtins.a : aeabi_div0.c.obj (.text.__aeabi_idiv0)
                  00000794    000000e8     driverlib.a : dl_timer.o (.text.DL_Timer_initTimerMode)
                  0000087c    000000dc                 : dl_sysctl_mspm0g1x0x_g3x0x.o (.text.DL_SYSCTL_configSYSPLL)
                  00000958    000000c4     Motor.o (.text.Motor_SetDuty)
                  00000a1c    000000c4     ti_msp_dl_config.o (.text.SYSCFG_DL_initPower)
                  00000ae0    000000a8     EncoderTest.o (.text.OLED_ShowSignedValueCompact)
                  00000b88    0000009c     Encoder.o (.text.GROUP1_IRQHandler)
                  00000c24    0000009c     Motor.o (.text.Motor_SetDirection)
                  00000cc0    00000090     ti_msp_dl_config.o (.text.SYSCFG_DL_Motor_init)
                  00000d50    00000084     clock.o (.text.__NVIC_SetPriority)
                  00000dd4    00000084     ti_msp_dl_config.o (.text.__NVIC_SetPriority)
                  00000e58    0000007c     libc.a : copy_decompress_lzss.c.obj (.text:decompress:lzss)
                  00000ed4    00000074     CameraControl.o (.text.CameraControl_Process)
                  00000f48    00000070     oled_hardware_i2c.o (.text.OLED_ShowString)
                  00000fb8    0000006a     oled_hardware_i2c.o (.text.OLED_Clear)
                  00001022    00000002     --HOLE-- [fill = 0]
                  00001024    00000064     oled_hardware_i2c.o (.text.oled_i2c_sda_unlock)
                  00001088    0000005e     driverlib.a : dl_i2c.o (.text.DL_I2C_fillControllerTXFIFO)
                  000010e6    00000002     --HOLE-- [fill = 0]
                  000010e8    0000005c     EncoderTest.o (.text.EncoderTest_Init)
                  00001144    0000005c     oled_hardware_i2c.o (.text.mspm0_i2c_enable)
                  000011a0    00000058     EncoderTest.o (.text.EncoderTest_Update)
                  000011f8    00000058     ti_msp_dl_config.o (.text.SYSCFG_DL_I2C_OLED_init)
                  00001250    00000058     ti_msp_dl_config.o (.text.SYSCFG_DL_I2C_mpu_init)
                  000012a8    00000054     driverlib.a : dl_uart.o (.text.DL_UART_drainRXFIFO)
                  000012fc    00000054     Motor.o (.text.Motor_SetPwmCompare)
                  00001350    00000054     main.o (.text.main)
                  000013a4    00000050     oled_hardware_i2c.o (.text.DL_I2C_startControllerTransfer)
                  000013f4    00000050     ti_msp_dl_config.o (.text.SYSCFG_DL_init)
                  00001444    00000050     clock.o (.text.SysTick_Config)
                  00001494    0000004c     CameraControl.o (.text.CameraControl_Init)
                  000014e0    0000004c     ti_msp_dl_config.o (.text.DL_UART_setBaudRateDivisor)
                  0000152c    0000004c     ti_msp_dl_config.o (.text.SYSCFG_DL_UART_CAM_init)
                  00001578    00000048     driverlib.a : dl_uart.o (.text.DL_UART_init)
                  000015c0    00000048     ti_msp_dl_config.o (.text.SYSCFG_DL_SYSCTL_init)
                  00001608    00000048     ti_msp_dl_config.o (.text.SYSCFG_DL_UART_BNO08_init)
                  00001650    00000048     ti_msp_dl_config.o (.text.SYSCFG_DL_UART_bj1_init)
                  00001698    00000048     ti_msp_dl_config.o (.text.SYSCFG_DL_UART_bj2_init)
                  000016e0    00000048     oled_hardware_i2c.o (.text.mspm0_i2c_disable)
                  00001728    00000044     driverlib.a : dl_sysctl_mspm0g1x0x_g3x0x.o (.text.DL_SYSCTL_switchMCLKfromSYSOSCtoHSCLK)
                  0000176c    00000040     libclang_rt.builtins.a : aeabi_uidivmod.S.obj (.text.__aeabi_uidivmod)
                  000017ac    0000003c     oled_hardware_i2c.o (.text.DL_GPIO_initPeripheralInputFunctionFeatures)
                  000017e8    0000003c     ti_msp_dl_config.o (.text.DL_GPIO_initPeripheralInputFunctionFeatures)
                  00001824    0000003c     ti_msp_dl_config.o (.text.DL_Timer_setCounterControl)
                  00001860    0000003c     Encoder.o (.text.Encoder_Update)
                  0000189c    0000003c     oled_hardware_i2c.o (.text.OLED_Set_Pos)
                  000018d8    0000003c     libc.a : autoinit.c.obj (.text:__TI_auto_init_nobinit_nopinit)
                  00001914    00000034     oled_hardware_i2c.o (.text.DL_GPIO_initDigitalInputFeatures)
                  00001948    00000034     ti_msp_dl_config.o (.text.DL_GPIO_initDigitalInputFeatures)
                  0000197c    00000034     ti_msp_dl_config.o (.text.SYSCFG_DL_TIMER_0_init)
                  000019b0    00000030     CameraControl.o (.text.UART1_IRQHandler)
                  000019e0    00000030     oled_hardware_i2c.o (.text.oled_pow)
                  00001a10    0000002c     CameraControl.o (.text.__NVIC_ClearPendingIRQ)
                  00001a3c    0000002c     CameraControl.o (.text.__NVIC_EnableIRQ)
                  00001a68    0000002c     interrupt.o (.text.__NVIC_EnableIRQ)
                  00001a94    0000002c     clock.o (.text.mspm0_get_clock_ms)
                  00001ac0    00000028     oled_hardware_i2c.o (.text.DL_Common_updateReg)
                  00001ae8    00000028     ti_msp_dl_config.o (.text.DL_Common_updateReg)
                  00001b10    00000028     ti_msp_dl_config.o (.text.DL_I2C_setControllerRXFIFOThreshold)
                  00001b38    00000028     ti_msp_dl_config.o (.text.DL_I2C_setControllerTXFIFOThreshold)
                  00001b60    00000028     Encoder.o (.text.Encoder_GetDelta)
                  00001b88    00000028     clock.o (.text.SysTick_Init)
                  00001bb0    00000028     libc.a : boot_cortex_m.c.obj (.text:_c_int00_noargs)
                  00001bd8    00000026     ti_msp_dl_config.o (.text.DL_I2C_setAnalogGlitchFilterPulseWidth)
                  00001bfe    00000026     driverlib.a : dl_i2c.o (.text.DL_I2C_setClockConfig)
                  00001c24    00000024     clock.o (.text.mspm0_delay_ms)
                  00001c48    00000020     ti_msp_dl_config.o (.text.DL_GPIO_initPeripheralInputFunction)
                  00001c68    00000020     ti_msp_dl_config.o (.text.DL_SYSCTL_setFlashWaitState)
                  00001c88    0000001e     ti_msp_dl_config.o (.text.DL_UART_setOversampling)
                  00001ca6    00000002     --HOLE-- [fill = 0]
                  00001ca8    0000001c     Encoder.o (.text.DL_GPIO_clearInterruptStatus)
                  00001cc4    0000001c     ti_msp_dl_config.o (.text.DL_GPIO_clearInterruptStatus)
                  00001ce0    0000001c     oled_hardware_i2c.o (.text.DL_GPIO_enableHiZ)
                  00001cfc    0000001c     ti_msp_dl_config.o (.text.DL_GPIO_enableHiZ)
                  00001d18    0000001c     ti_msp_dl_config.o (.text.DL_GPIO_enableInterrupt)
                  00001d34    0000001c     ti_msp_dl_config.o (.text.DL_GPIO_initPeripheralOutputFunction)
                  00001d50    0000001c     ti_msp_dl_config.o (.text.DL_GPIO_setLowerPinsPolarity)
                  00001d6c    0000001c     oled_hardware_i2c.o (.text.DL_I2C_getSDAStatus)
                  00001d88    0000001c     ti_msp_dl_config.o (.text.DL_SYSCTL_setSYSOSCFreq)
                  00001da4    0000001c     ti_msp_dl_config.o (.text.DL_SYSCTL_setULPCLKDivider)
                  00001dc0    0000001c     ti_msp_dl_config.o (.text.DL_Timer_enableInterrupt)
                  00001ddc    0000001c     driverlib.a : dl_timer.o (.text.DL_Timer_setCaptCompUpdateMethod)
                  00001df8    0000001c                 : dl_timer.o (.text.DL_Timer_setClockConfig)
                  00001e14    0000001c     ti_msp_dl_config.o (.text.DL_UART_enableInterrupt)
                  00001e30    0000001c     interrupt.o (.text.Interrupt_Init)
                  00001e4c    0000001a     Motor.o (.text.Motor_StopAll)
                  00001e66    00000002     --HOLE-- [fill = 0]
                  00001e68    00000018     oled_hardware_i2c.o (.text.DL_GPIO_enableOutput)
                  00001e80    00000018     ti_msp_dl_config.o (.text.DL_GPIO_enableOutput)
                  00001e98    00000018     ti_msp_dl_config.o (.text.DL_GPIO_enablePower)
                  00001eb0    00000018     Encoder.o (.text.DL_GPIO_getEnabledInterruptStatus)
                  00001ec8    00000018     oled_hardware_i2c.o (.text.DL_GPIO_initDigitalOutput)
                  00001ee0    00000018     ti_msp_dl_config.o (.text.DL_GPIO_initDigitalOutput)
                  00001ef8    00000018     ti_msp_dl_config.o (.text.DL_GPIO_reset)
                  00001f10    00000018     Motor.o (.text.DL_GPIO_setPins)
                  00001f28    00000018     oled_hardware_i2c.o (.text.DL_GPIO_setPins)
                  00001f40    00000018     oled_hardware_i2c.o (.text.DL_I2C_clearInterruptStatus)
                  00001f58    00000018     ti_msp_dl_config.o (.text.DL_I2C_enableAnalogGlitchFilter)
                  00001f70    00000018     ti_msp_dl_config.o (.text.DL_I2C_enableController)
                  00001f88    00000018     ti_msp_dl_config.o (.text.DL_I2C_enableControllerClockStretching)
                  00001fa0    00000018     oled_hardware_i2c.o (.text.DL_I2C_enablePower)
                  00001fb8    00000018     ti_msp_dl_config.o (.text.DL_I2C_enablePower)
                  00001fd0    00000018     oled_hardware_i2c.o (.text.DL_I2C_getRawInterruptStatus)
                  00001fe8    00000018     oled_hardware_i2c.o (.text.DL_I2C_reset)
                  00002000    00000018     ti_msp_dl_config.o (.text.DL_I2C_reset)
                  00002018    00000018     ti_msp_dl_config.o (.text.DL_I2C_setTimerPeriod)
                  00002030    00000018     ti_msp_dl_config.o (.text.DL_SYSCTL_setBORThreshold)
                  00002048    00000018     interrupt.o (.text.DL_Timer_clearInterruptStatus)
                  00002060    00000018     ti_msp_dl_config.o (.text.DL_Timer_enablePower)
                  00002078    00000018     ti_msp_dl_config.o (.text.DL_Timer_reset)
                  00002090    00000018     driverlib.a : dl_timer.o (.text.DL_Timer_setCaptureCompareOutCtl)
                  000020a8    00000018     Motor.o (.text.DL_Timer_startCounter)
                  000020c0    00000018     ti_msp_dl_config.o (.text.DL_UART_enablePower)
                  000020d8    00000018     CameraControl.o (.text.DL_UART_isRXFIFOEmpty)
                  000020f0    00000018     ti_msp_dl_config.o (.text.DL_UART_reset)
                  00002108    00000016     Encoder.o (.text.DL_GPIO_readPins)
                  0000211e    00000016     oled_hardware_i2c.o (.text.DL_GPIO_readPins)
                  00002134    00000016     ti_msp_dl_config.o (.text.DL_UART_enable)
                  0000214a    00000016     libc.a : copy_zero_init.c.obj (.text:decompress:ZI:__TI_zero_init_nomemset)
                  00002160    00000014     Motor.o (.text.DL_GPIO_clearPins)
                  00002174    00000014     oled_hardware_i2c.o (.text.DL_GPIO_clearPins)
                  00002188    00000014     ti_msp_dl_config.o (.text.DL_GPIO_clearPins)
                  0000219c    00000014     oled_hardware_i2c.o (.text.DL_I2C_getControllerStatus)
                  000021b0    00000014     ti_msp_dl_config.o (.text.DL_I2C_resetControllerTransfer)
                  000021c4    00000014     ti_msp_dl_config.o (.text.DL_SYSCTL_disableSYSPLL)
                  000021d8    00000014     ti_msp_dl_config.o (.text.DL_Timer_enableClock)
                  000021ec    00000014     ti_msp_dl_config.o (.text.DL_Timer_setCCPDirection)
                  00002200    00000014     CameraControl.o (.text.DL_UART_receiveData)
                  00002214    00000012     driverlib.a : dl_uart.o (.text.DL_UART_setClockConfig)
                  00002226    00000012     libc.a : memcpy16.S.obj (.text:TI_memcpy_small)
                  00002238    00000012            : copy_decompress_none.c.obj (.text:decompress:none)
                  0000224a    00000002     --HOLE-- [fill = 0]
                  0000224c    00000010     ti_msp_dl_config.o (.text.DL_SYSCTL_disableHFXT)
                  0000225c    00000010     driverlib.a : dl_timer.o (.text.DL_Timer_setCaptureCompareValue)
                  0000226c    00000010     interrupt.o (.text.SysTick_Handler)
                  0000227c    00000010     interrupt.o (.text.TIMA0_IRQHandler)
                  0000228c    00000010     oled_hardware_i2c.o (.text.delay_ms)
                  0000229c    0000000c     CameraControl.o (.text.CameraControl_GetLastCommand)
                  000022a8    0000000c     CameraControl.o (.text.CameraControl_GetLeftMotorDuty)
                  000022b4    0000000a     driverlib.a : dl_common.o (.text.DL_Common_delayCycles)
                  000022be    00000002     --HOLE-- [fill = 0]
                  000022c0    00000008     libclang_rt.builtins.a : aeabi_memcpy.S.obj (.text.__aeabi_memcpy)
                  000022c8    00000006     libc.a : exit.c.obj (.text:abort)
                  000022ce    00000004     startup_mspm0g350x_ticlang.o (.text.Default_Handler)
                  000022d2    00000004     libsysbm.a : hostexit.c.obj (.text.HOSTexit)
                  000022d6    00000004     startup_mspm0g350x_ticlang.o (.text.Reset_Handler)
                  000022da    00000004     libc.a : pre_init.c.obj (.text._system_pre_init)
                  000022de    00000002     --HOLE-- [fill = 0]

.cinit     0    00002b88    00000030     
                  00002b88    0000000c     (__TI_handler_table)
                  00002b94    00000008     (.cinit..bss.load) [load image, compression = zero_init]
                  00002b9c    00000007     (.cinit..data.load) [load image, compression = lzss]
                  00002ba3    00000001     --HOLE-- [fill = 0]
                  00002ba4    00000010     (__TI_cinit_table)
                  00002bb4    00000004     --HOLE-- [fill = 0]

.rodata    0    000022e0    000008a8     
                  000022e0    000005f0     oled_hardware_i2c.o (.rodata.asc2_1608)
                  000028d0    00000228     oled_hardware_i2c.o (.rodata.asc2_0806)
                  00002af8    00000028     ti_msp_dl_config.o (.rodata.gSYSPLLConfig)
                  00002b20    00000014     ti_msp_dl_config.o (.rodata.gTIMER_0TimerConfig)
                  00002b34    0000000a     ti_msp_dl_config.o (.rodata.gUART_BNO08Config)
                  00002b3e    0000000a     ti_msp_dl_config.o (.rodata.gUART_CAMConfig)
                  00002b48    0000000a     ti_msp_dl_config.o (.rodata.gUART_bj1Config)
                  00002b52    0000000a     ti_msp_dl_config.o (.rodata.gUART_bj2Config)
                  00002b5c    00000008     ti_msp_dl_config.o (.rodata.gMotorConfig)
                  00002b64    00000003     ti_msp_dl_config.o (.rodata.gMotorClockConfig)
                  00002b67    00000003     ti_msp_dl_config.o (.rodata.gTIMER_0ClockConfig)
                  00002b6a    00000003     EncoderTest.o (.rodata.str1.10282674579333167442.1)
                  00002b6d    00000003     EncoderTest.o (.rodata.str1.13850922939172957668.1)
                  00002b70    00000003     EncoderTest.o (.rodata.str1.3764029284574008544.1)
                  00002b73    00000003     EncoderTest.o (.rodata.str1.6061230769622874997.1)
                  00002b76    00000002     ti_msp_dl_config.o (.rodata.gI2C_OLEDClockConfig)
                  00002b78    00000002     ti_msp_dl_config.o (.rodata.gI2C_mpuClockConfig)
                  00002b7a    00000002     ti_msp_dl_config.o (.rodata.gUART_BNO08ClockConfig)
                  00002b7c    00000002     ti_msp_dl_config.o (.rodata.gUART_CAMClockConfig)
                  00002b7e    00000002     ti_msp_dl_config.o (.rodata.gUART_bj1ClockConfig)
                  00002b80    00000002     ti_msp_dl_config.o (.rodata.gUART_bj2ClockConfig)
                  00002b82    00000006     --HOLE-- [fill = 0]

.init_array 
*          0    00000000    00000000     UNINITIALIZED

.binit     0    00000000    00000000     

.bss       0    20200000    000001bd     UNINITIALIZED
                  20200000    000000bc     (.common:gMotorBackup)
                  202000bc    000000bc     (.common:gTIMER_0Backup)
                  20200178    00000030     (.common:gUART_bj1Backup)
                  202001a8    00000008     Encoder.o (.bss.g_encoderCounts)
                  202001b0    00000004     EncoderTest.o (.bss.g_leftEncoderCount)
                  202001b4    00000004     (.common:tick_ms)
                  202001b8    00000002     CameraControl.o (.bss.g_leftMotorDuty)
                  202001ba    00000001     CameraControl.o (.bss.g_hasPendingCommand)
                  202001bb    00000001     Motor.o (.bss.g_motorTimerStarted)
                  202001bc    00000001     CameraControl.o (.bss.g_pendingCommand)

.data      0    202001bd    00000003     UNINITIALIZED
                  202001bd    00000001     interrupt.o (.data.enable_group1_irq)
                  202001be    00000001     CameraControl.o (.data.g_lastCommand)
                  202001bf    00000001     oled_hardware_i2c.o (.data.g_oledAddress)

.stack     0    20207e00    00000200     UNINITIALIZED
                  20207e00    00000004     libc.a : boot_cortex_m.c.obj (.stack)
                  20207e04    000001fc     --HOLE--

__llvm_prf_cnts 
*          0    20200000    00000000     UNINITIALIZED

__llvm_prf_bits 
*          0    20200000    00000000     UNINITIALIZED

MODULE SUMMARY

       Module                         code   ro data   rw data
       ------                         ----   -------   -------
    .\
       ti_msp_dl_config.o             2798   126       424    
       startup_mspm0g350x_ticlang.o   8      192       0      
       main.o                         84     0         0      
    +--+------------------------------+------+---------+---------+
       Total:                         2890   318       424    
                                                              
    .\Drivers\MSPM0\
       clock.o                        332    0         4      
       interrupt.o                    128    0         1      
    +--+------------------------------+------+---------+---------+
       Total:                         460    0         5      
                                                              
    .\Drivers\OLED_Hardware_I2C\
       oled_hardware_i2c.o            2206   2072      1      
    +--+------------------------------+------+---------+---------+
       Total:                         2206   2072      1      
                                                              
    .\app\
       CameraControl.o                396    0         5      
       EncoderTest.o                  348    12        4      
    +--+------------------------------+------+---------+---------+
       Total:                         744    12        9      
                                                              
    .\encoder\
       Encoder.o                      330    0         8      
    +--+------------------------------+------+---------+---------+
       Total:                         330    0         8      
                                                              
    .\motor\
       Motor.o                        530    0         1      
    +--+------------------------------+------+---------+---------+
       Total:                         530    0         1      
                                                              
    C:/TI/mspm0_sdk_2_05_01_00/source/ti/driverlib/lib/ticlang/m0p/mspm0g1x0x_g3x0x/driverlib.a
       dl_timer.o                     588    0         0      
       dl_sysctl_mspm0g1x0x_g3x0x.o   288    0         0      
       dl_uart.o                      174    0         0      
       dl_i2c.o                       132    0         0      
       dl_common.o                    10     0         0      
    +--+------------------------------+------+---------+---------+
       Total:                         1192   0         0      
                                                              
    C:\TI\ccs2020\ccs\tools\compiler\ti-cgt-armllvm_4.0.3.LTS\lib\armv6m-ti-none-eabi/c/libc.a
       copy_decompress_lzss.c.obj     124    0         0      
       autoinit.c.obj                 60     0         0      
       boot_cortex_m.c.obj            40     0         0      
       copy_zero_init.c.obj           22     0         0      
       copy_decompress_none.c.obj     18     0         0      
       memcpy16.S.obj                 18     0         0      
       exit.c.obj                     6      0         0      
       pre_init.c.obj                 4      0         0      
    +--+------------------------------+------+---------+---------+
       Total:                         292    0         0      
                                                              
    C:\TI\ccs2020\ccs\tools\compiler\ti-cgt-armllvm_4.0.3.LTS\lib\armv6m-ti-none-eabi/c/libsysbm.a
       hostexit.c.obj                 4      0         0      
    +--+------------------------------+------+---------+---------+
       Total:                         4      0         0      
                                                              
    C:\TI\ccs2020\ccs\tools\compiler\ti-cgt-armllvm_4.0.3.LTS\lib\armv6m-ti-none-eabi/libclang_rt.builtins.a
       aeabi_uidivmod.S.obj           64     0         0      
       aeabi_memcpy.S.obj             8      0         0      
       aeabi_div0.c.obj               2      0         0      
    +--+------------------------------+------+---------+---------+
       Total:                         74     0         0      
                                                              
       Stack:                         0      0         512    
       Linker Generated:              0      43        0      
    +--+------------------------------+------+---------+---------+
       Grand Total:                   8722   2445      960    


LINKER GENERATED COPY TABLES

__TI_cinit_table @ 00002ba4 records: 2, size/record: 8, table size: 16
	.bss: load addr=00002b94, load size=00000008 bytes, run addr=20200000, run size=000001bd bytes, compression=zero_init
	.data: load addr=00002b9c, load size=00000007 bytes, run addr=202001bd, run size=00000003 bytes, compression=lzss


LINKER GENERATED HANDLER TABLE

__TI_handler_table @ 00002b88 records: 3, size/record: 4, table size: 12
	index: 0, handler: __TI_decompress_lzss
	index: 1, handler: __TI_decompress_none
	index: 2, handler: __TI_zero_init


GLOBAL SYMBOLS: SORTED ALPHABETICALLY BY Name 

address   name                                 
-------   ----                                 
000022cf  ADC0_IRQHandler                      
000022cf  ADC1_IRQHandler                      
000022cf  AES_IRQHandler                       
000022d2  C$$EXIT                              
000022cf  CANFD0_IRQHandler                    
0000229d  CameraControl_GetLastCommand         
000022a9  CameraControl_GetLeftMotorDuty       
00001495  CameraControl_Init                   
00000ed5  CameraControl_Process                
000022cf  DAC0_IRQHandler                      
000022b5  DL_Common_delayCycles                
00001089  DL_I2C_fillControllerTXFIFO          
00001bff  DL_I2C_setClockConfig                
0000087d  DL_SYSCTL_configSYSPLL               
00001729  DL_SYSCTL_switchMCLKfromSYSOSCtoHSCLK
00000599  DL_Timer_initFourCCPWMMode           
00000795  DL_Timer_initTimerMode               
00001ddd  DL_Timer_setCaptCompUpdateMethod     
00002091  DL_Timer_setCaptureCompareOutCtl     
0000225d  DL_Timer_setCaptureCompareValue      
00001df9  DL_Timer_setClockConfig              
000012a9  DL_UART_drainRXFIFO                  
00001579  DL_UART_init                         
00002215  DL_UART_setClockConfig               
000022cf  DMA_IRQHandler                       
000022cf  Default_Handler                      
000010e9  EncoderTest_Init                     
000011a1  EncoderTest_Update                   
00001b61  Encoder_GetDelta                     
000022cf  GROUP0_IRQHandler                    
00000b89  GROUP1_IRQHandler                    
000022d3  HOSTexit                             
000022cf  HardFault_Handler                    
000022cf  I2C0_IRQHandler                      
000022cf  I2C1_IRQHandler                      
00001e31  Interrupt_Init                       
00000959  Motor_SetDuty                        
00001e4d  Motor_StopAll                        
000022cf  NMI_Handler                          
00000fb9  OLED_Clear                           
00000489  OLED_Init                            
0000189d  OLED_Set_Pos                         
00000371  OLED_ShowChar                        
0000069d  OLED_ShowNum                         
00000f49  OLED_ShowString                      
00000255  OLED_WR_Byte                         
000022cf  PendSV_Handler                       
000022cf  RTC_IRQHandler                       
000022d7  Reset_Handler                        
000022cf  SPI0_IRQHandler                      
000022cf  SPI1_IRQHandler                      
000022cf  SVC_Handler                          
000000c1  SYSCFG_DL_GPIO_init                  
000011f9  SYSCFG_DL_I2C_OLED_init              
00001251  SYSCFG_DL_I2C_mpu_init               
00000cc1  SYSCFG_DL_Motor_init                 
000015c1  SYSCFG_DL_SYSCTL_init                
0000197d  SYSCFG_DL_TIMER_0_init               
00001609  SYSCFG_DL_UART_BNO08_init            
0000152d  SYSCFG_DL_UART_CAM_init              
00001651  SYSCFG_DL_UART_bj1_init              
00001699  SYSCFG_DL_UART_bj2_init              
000013f5  SYSCFG_DL_init                       
00000a1d  SYSCFG_DL_initPower                  
0000226d  SysTick_Handler                      
00001b89  SysTick_Init                         
0000227d  TIMA0_IRQHandler                     
000022cf  TIMA1_IRQHandler                     
000022cf  TIMG0_IRQHandler                     
000022cf  TIMG12_IRQHandler                    
000022cf  TIMG6_IRQHandler                     
000022cf  TIMG7_IRQHandler                     
000022cf  TIMG8_IRQHandler                     
00002227  TI_memcpy_small                      
000022cf  UART0_IRQHandler                     
000019b1  UART1_IRQHandler                     
000022cf  UART2_IRQHandler                     
000022cf  UART3_IRQHandler                     
20208000  __STACK_END                          
00000200  __STACK_SIZE                         
00000000  __TI_ATRegion0_region_sz             
00000000  __TI_ATRegion0_src_addr              
00000000  __TI_ATRegion0_trg_addr              
00000000  __TI_ATRegion1_region_sz             
00000000  __TI_ATRegion1_src_addr              
00000000  __TI_ATRegion1_trg_addr              
00000000  __TI_ATRegion2_region_sz             
00000000  __TI_ATRegion2_src_addr              
00000000  __TI_ATRegion2_trg_addr              
00002ba4  __TI_CINIT_Base                      
00002bb4  __TI_CINIT_Limit                     
00002bb4  __TI_CINIT_Warm                      
00002b88  __TI_Handler_Table_Base              
00002b94  __TI_Handler_Table_Limit             
000018d9  __TI_auto_init_nobinit_nopinit       
00000e59  __TI_decompress_lzss                 
00002239  __TI_decompress_none                 
ffffffff  __TI_pprof_out_hndl                  
ffffffff  __TI_prof_data_size                  
ffffffff  __TI_prof_data_start                 
00000000  __TI_static_base__                   
0000214b  __TI_zero_init_nomemset              
00000793  __aeabi_idiv0                        
000022c1  __aeabi_memcpy                       
000022c1  __aeabi_memcpy4                      
000022c1  __aeabi_memcpy8                      
0000176d  __aeabi_uidiv                        
0000176d  __aeabi_uidivmod                     
ffffffff  __binit__                            
UNDEFED   __mpu_init                           
20207e00  __stack                              
20200000  __start___llvm_prf_bits              
20200000  __start___llvm_prf_cnts              
20200000  __stop___llvm_prf_bits               
20200000  __stop___llvm_prf_cnts               
00001bb1  _c_int00_noargs                      
UNDEFED   _system_post_cinit                   
000022db  _system_pre_init                     
000022c9  abort                                
000028d0  asc2_0806                            
000022e0  asc2_1608                            
ffffffff  binit                                
0000228d  delay_ms                             
202001bd  enable_group1_irq                    
20200000  gMotorBackup                         
202000bc  gTIMER_0Backup                       
20200178  gUART_bj1Backup                      
00000000  interruptVectors                     
00001351  main                                 
00001c25  mspm0_delay_ms                       
00001a95  mspm0_get_clock_ms                   
00001025  oled_i2c_sda_unlock                  
000019e1  oled_pow                             
202001b4  tick_ms                              


GLOBAL SYMBOLS: SORTED BY Symbol Address 

address   name                                 
-------   ----                                 
00000000  __TI_ATRegion0_region_sz             
00000000  __TI_ATRegion0_src_addr              
00000000  __TI_ATRegion0_trg_addr              
00000000  __TI_ATRegion1_region_sz             
00000000  __TI_ATRegion1_src_addr              
00000000  __TI_ATRegion1_trg_addr              
00000000  __TI_ATRegion2_region_sz             
00000000  __TI_ATRegion2_src_addr              
00000000  __TI_ATRegion2_trg_addr              
00000000  __TI_static_base__                   
00000000  interruptVectors                     
000000c1  SYSCFG_DL_GPIO_init                  
00000200  __STACK_SIZE                         
00000255  OLED_WR_Byte                         
00000371  OLED_ShowChar                        
00000489  OLED_Init                            
00000599  DL_Timer_initFourCCPWMMode           
0000069d  OLED_ShowNum                         
00000793  __aeabi_idiv0                        
00000795  DL_Timer_initTimerMode               
0000087d  DL_SYSCTL_configSYSPLL               
00000959  Motor_SetDuty                        
00000a1d  SYSCFG_DL_initPower                  
00000b89  GROUP1_IRQHandler                    
00000cc1  SYSCFG_DL_Motor_init                 
00000e59  __TI_decompress_lzss                 
00000ed5  CameraControl_Process                
00000f49  OLED_ShowString                      
00000fb9  OLED_Clear                           
00001025  oled_i2c_sda_unlock                  
00001089  DL_I2C_fillControllerTXFIFO          
000010e9  EncoderTest_Init                     
000011a1  EncoderTest_Update                   
000011f9  SYSCFG_DL_I2C_OLED_init              
00001251  SYSCFG_DL_I2C_mpu_init               
000012a9  DL_UART_drainRXFIFO                  
00001351  main                                 
000013f5  SYSCFG_DL_init                       
00001495  CameraControl_Init                   
0000152d  SYSCFG_DL_UART_CAM_init              
00001579  DL_UART_init                         
000015c1  SYSCFG_DL_SYSCTL_init                
00001609  SYSCFG_DL_UART_BNO08_init            
00001651  SYSCFG_DL_UART_bj1_init              
00001699  SYSCFG_DL_UART_bj2_init              
00001729  DL_SYSCTL_switchMCLKfromSYSOSCtoHSCLK
0000176d  __aeabi_uidiv                        
0000176d  __aeabi_uidivmod                     
0000189d  OLED_Set_Pos                         
000018d9  __TI_auto_init_nobinit_nopinit       
0000197d  SYSCFG_DL_TIMER_0_init               
000019b1  UART1_IRQHandler                     
000019e1  oled_pow                             
00001a95  mspm0_get_clock_ms                   
00001b61  Encoder_GetDelta                     
00001b89  SysTick_Init                         
00001bb1  _c_int00_noargs                      
00001bff  DL_I2C_setClockConfig                
00001c25  mspm0_delay_ms                       
00001ddd  DL_Timer_setCaptCompUpdateMethod     
00001df9  DL_Timer_setClockConfig              
00001e31  Interrupt_Init                       
00001e4d  Motor_StopAll                        
00002091  DL_Timer_setCaptureCompareOutCtl     
0000214b  __TI_zero_init_nomemset              
00002215  DL_UART_setClockConfig               
00002227  TI_memcpy_small                      
00002239  __TI_decompress_none                 
0000225d  DL_Timer_setCaptureCompareValue      
0000226d  SysTick_Handler                      
0000227d  TIMA0_IRQHandler                     
0000228d  delay_ms                             
0000229d  CameraControl_GetLastCommand         
000022a9  CameraControl_GetLeftMotorDuty       
000022b5  DL_Common_delayCycles                
000022c1  __aeabi_memcpy                       
000022c1  __aeabi_memcpy4                      
000022c1  __aeabi_memcpy8                      
000022c9  abort                                
000022cf  ADC0_IRQHandler                      
000022cf  ADC1_IRQHandler                      
000022cf  AES_IRQHandler                       
000022cf  CANFD0_IRQHandler                    
000022cf  DAC0_IRQHandler                      
000022cf  DMA_IRQHandler                       
000022cf  Default_Handler                      
000022cf  GROUP0_IRQHandler                    
000022cf  HardFault_Handler                    
000022cf  I2C0_IRQHandler                      
000022cf  I2C1_IRQHandler                      
000022cf  NMI_Handler                          
000022cf  PendSV_Handler                       
000022cf  RTC_IRQHandler                       
000022cf  SPI0_IRQHandler                      
000022cf  SPI1_IRQHandler                      
000022cf  SVC_Handler                          
000022cf  TIMA1_IRQHandler                     
000022cf  TIMG0_IRQHandler                     
000022cf  TIMG12_IRQHandler                    
000022cf  TIMG6_IRQHandler                     
000022cf  TIMG7_IRQHandler                     
000022cf  TIMG8_IRQHandler                     
000022cf  UART0_IRQHandler                     
000022cf  UART2_IRQHandler                     
000022cf  UART3_IRQHandler                     
000022d2  C$$EXIT                              
000022d3  HOSTexit                             
000022d7  Reset_Handler                        
000022db  _system_pre_init                     
000022e0  asc2_1608                            
000028d0  asc2_0806                            
00002b88  __TI_Handler_Table_Base              
00002b94  __TI_Handler_Table_Limit             
00002ba4  __TI_CINIT_Base                      
00002bb4  __TI_CINIT_Limit                     
00002bb4  __TI_CINIT_Warm                      
20200000  __start___llvm_prf_bits              
20200000  __start___llvm_prf_cnts              
20200000  __stop___llvm_prf_bits               
20200000  __stop___llvm_prf_cnts               
20200000  gMotorBackup                         
202000bc  gTIMER_0Backup                       
20200178  gUART_bj1Backup                      
202001b4  tick_ms                              
202001bd  enable_group1_irq                    
20207e00  __stack                              
20208000  __STACK_END                          
ffffffff  __TI_pprof_out_hndl                  
ffffffff  __TI_prof_data_size                  
ffffffff  __TI_prof_data_start                 
ffffffff  __binit__                            
ffffffff  binit                                
UNDEFED   __mpu_init                           
UNDEFED   _system_post_cinit                   

[134 symbols]
